Archive member included to satisfy reference by file (symbol)

d:/stm32_ide/tools/compiller/bin/../lib/gcc/arm-none-eabi/5.4.1/../../../../arm-none-eabi/lib/armv7e-m/fpu\libc_nano.a(lib_a-exit.o)
                              d:/stm32_ide/tools/compiller/bin/../lib/gcc/arm-none-eabi/5.4.1/../../../../arm-none-eabi/lib/armv7e-m/fpu/crt0.o (exit)
d:/stm32_ide/tools/compiller/bin/../lib/gcc/arm-none-eabi/5.4.1/../../../../arm-none-eabi/lib/armv7e-m/fpu\libc_nano.a(lib_a-impure.o)
                              d:/stm32_ide/tools/compiller/bin/../lib/gcc/arm-none-eabi/5.4.1/../../../../arm-none-eabi/lib/armv7e-m/fpu\libc_nano.a(lib_a-exit.o) (_global_impure_ptr)
d:/stm32_ide/tools/compiller/bin/../lib/gcc/arm-none-eabi/5.4.1/../../../../arm-none-eabi/lib/armv7e-m/fpu\libc_nano.a(lib_a-init.o)
                              d:/stm32_ide/tools/compiller/bin/../lib/gcc/arm-none-eabi/5.4.1/../../../../arm-none-eabi/lib/armv7e-m/fpu/crt0.o (__libc_init_array)
d:/stm32_ide/tools/compiller/bin/../lib/gcc/arm-none-eabi/5.4.1/../../../../arm-none-eabi/lib/armv7e-m/fpu\libc_nano.a(lib_a-memset.o)
                              d:/stm32_ide/tools/compiller/bin/../lib/gcc/arm-none-eabi/5.4.1/../../../../arm-none-eabi/lib/armv7e-m/fpu/crt0.o (memset)
d:/stm32_ide/tools/compiller/bin/../lib/gcc/arm-none-eabi/5.4.1/../../../../arm-none-eabi/lib/armv7e-m/fpu\libnosys.a(_exit.o)
                              d:/stm32_ide/tools/compiller/bin/../lib/gcc/arm-none-eabi/5.4.1/../../../../arm-none-eabi/lib/armv7e-m/fpu\libc_nano.a(lib_a-exit.o) (_exit)

Allocating common symbols
Common symbol       size              file

DRIVE_DIRECTION     0x2               Drivers/CMSIS/Device/ST/STM32F4xx/Source/Templates/system_stm32f4xx.o
uwTick              0x4               Drivers/STM32F4xx_HAL_Driver/Src/stm32f4xx_hal.o
pFlash              0x20              Drivers/STM32F4xx_HAL_Driver/Src/stm32f4xx_hal_flash.o
htim3               0x3c              Src/tim.o

Discarded input sections

 .text          0x00000000        0x0 d:/stm32_ide/tools/compiller/bin/../lib/gcc/arm-none-eabi/5.4.1/armv7e-m/fpu/crti.o
 .data          0x00000000        0x0 d:/stm32_ide/tools/compiller/bin/../lib/gcc/arm-none-eabi/5.4.1/armv7e-m/fpu/crti.o
 .bss           0x00000000        0x0 d:/stm32_ide/tools/compiller/bin/../lib/gcc/arm-none-eabi/5.4.1/armv7e-m/fpu/crti.o
 .data          0x00000000        0x4 d:/stm32_ide/tools/compiller/bin/../lib/gcc/arm-none-eabi/5.4.1/armv7e-m/fpu/crtbegin.o
 .text          0x00000000       0x74 d:/stm32_ide/tools/compiller/bin/../lib/gcc/arm-none-eabi/5.4.1/../../../../arm-none-eabi/lib/armv7e-m/fpu/crt0.o
 .data          0x00000000        0x0 d:/stm32_ide/tools/compiller/bin/../lib/gcc/arm-none-eabi/5.4.1/../../../../arm-none-eabi/lib/armv7e-m/fpu/crt0.o
 .bss           0x00000000        0x0 d:/stm32_ide/tools/compiller/bin/../lib/gcc/arm-none-eabi/5.4.1/../../../../arm-none-eabi/lib/armv7e-m/fpu/crt0.o
 .ARM.extab     0x00000000        0x0 d:/stm32_ide/tools/compiller/bin/../lib/gcc/arm-none-eabi/5.4.1/../../../../arm-none-eabi/lib/armv7e-m/fpu/crt0.o
 .ARM.exidx     0x00000000        0x8 d:/stm32_ide/tools/compiller/bin/../lib/gcc/arm-none-eabi/5.4.1/../../../../arm-none-eabi/lib/armv7e-m/fpu/crt0.o
 .ARM.attributes
                0x00000000       0x20 d:/stm32_ide/tools/compiller/bin/../lib/gcc/arm-none-eabi/5.4.1/../../../../arm-none-eabi/lib/armv7e-m/fpu/crt0.o
 .text          0x00000000       0x14 Drivers/CMSIS/Device/ST/STM32F4xx/Source/Templates/gcc/startup_stm32f429xx.o
 .data          0x00000000        0x0 Drivers/CMSIS/Device/ST/STM32F4xx/Source/Templates/gcc/startup_stm32f429xx.o
 .bss           0x00000000        0x0 Drivers/CMSIS/Device/ST/STM32F4xx/Source/Templates/gcc/startup_stm32f429xx.o
 .group         0x00000000        0x8 Drivers/CMSIS/Device/ST/STM32F4xx/Source/Templates/system_stm32f4xx.o
 .group         0x00000000        0x8 Drivers/CMSIS/Device/ST/STM32F4xx/Source/Templates/system_stm32f4xx.o
 .group         0x00000000        0x8 Drivers/CMSIS/Device/ST/STM32F4xx/Source/Templates/system_stm32f4xx.o
 .group         0x00000000        0x8 Drivers/CMSIS/Device/ST/STM32F4xx/Source/Templates/system_stm32f4xx.o
 .group         0x00000000        0x8 Drivers/CMSIS/Device/ST/STM32F4xx/Source/Templates/system_stm32f4xx.o
 .group         0x00000000        0x8 Drivers/CMSIS/Device/ST/STM32F4xx/Source/Templates/system_stm32f4xx.o
 .group         0x00000000        0x8 Drivers/CMSIS/Device/ST/STM32F4xx/Source/Templates/system_stm32f4xx.o
 .group         0x00000000        0x8 Drivers/CMSIS/Device/ST/STM32F4xx/Source/Templates/system_stm32f4xx.o
 .group         0x00000000        0x8 Drivers/CMSIS/Device/ST/STM32F4xx/Source/Templates/system_stm32f4xx.o
 .group         0x00000000        0x8 Drivers/CMSIS/Device/ST/STM32F4xx/Source/Templates/system_stm32f4xx.o
 .group         0x00000000        0x8 Drivers/CMSIS/Device/ST/STM32F4xx/Source/Templates/system_stm32f4xx.o
[...]
Memory Configuration

Name             Origin             Length             Attributes
RAM              0x20000000         0x00030000         xrw
CCMRAM           0x10000000         0x00010000         rw
FLASH            0x08000000         0x00200000         xr
*default*        0x00000000         0xffffffff

Linker script and memory map

LOAD d:/stm32_ide/tools/compiller/bin/../lib/gcc/arm-none-eabi/5.4.1/armv7e-m/fpu/crti.o
LOAD d:/stm32_ide/tools/compiller/bin/../lib/gcc/arm-none-eabi/5.4.1/armv7e-m/fpu/crtbegin.o
LOAD d:/stm32_ide/tools/compiller/bin/../lib/gcc/arm-none-eabi/5.4.1/../../../../arm-none-eabi/lib/armv7e-m/fpu/crt0.o
LOAD d:/stm32_ide/tools/compiller/bin/../lib/gcc/arm-none-eabi/5.4.1/../../../../arm-none-eabi/lib/armv7e-m/fpu\libm.a
LOAD Drivers/CMSIS/Device/ST/STM32F4xx/Source/Templates/gcc/startup_stm32f429xx.o
LOAD Drivers/CMSIS/Device/ST/STM32F4xx/Source/Templates/system_stm32f4xx.o
LOAD Drivers/STM32F4xx_HAL_Driver/Src/stm32f4xx_hal.o
LOAD Drivers/STM32F4xx_HAL_Driver/Src/stm32f4xx_hal_cortex.o
LOAD Drivers/STM32F4xx_HAL_Driver/Src/stm32f4xx_hal_dma.o
LOAD Drivers/STM32F4xx_HAL_Driver/Src/stm32f4xx_hal_dma_ex.o
LOAD Drivers/STM32F4xx_HAL_Driver/Src/stm32f4xx_hal_flash.o
LOAD Drivers/STM32F4xx_HAL_Driver/Src/stm32f4xx_hal_flash_ex.o
LOAD Drivers/STM32F4xx_HAL_Driver/Src/stm32f4xx_hal_flash_ramfunc.o
LOAD Drivers/STM32F4xx_HAL_Driver/Src/stm32f4xx_hal_gpio.o
LOAD Drivers/STM32F4xx_HAL_Driver/Src/stm32f4xx_hal_pwr.o
LOAD Drivers/STM32F4xx_HAL_Driver/Src/stm32f4xx_hal_pwr_ex.o
LOAD Drivers/STM32F4xx_HAL_Driver/Src/stm32f4xx_hal_rcc.o
LOAD Drivers/STM32F4xx_HAL_Driver/Src/stm32f4xx_hal_rcc_ex.o
LOAD Drivers/STM32F4xx_HAL_Driver/Src/stm32f4xx_hal_tim.o
LOAD Drivers/STM32F4xx_HAL_Driver/Src/stm32f4xx_hal_tim_ex.o
LOAD Src/gpio.o
LOAD Src/main.o
LOAD Src/stm32f4xx_hal_msp.o
LOAD Src/stm32f4xx_it.o
LOAD Src/tim.o
START GROUP
LOAD d:/stm32_ide/tools/compiller/bin/../lib/gcc/arm-none-eabi/5.4.1/armv7e-m/fpu\libgcc.a
LOAD d:/stm32_ide/tools/compiller/bin/../lib/gcc/arm-none-eabi/5.4.1/../../../../arm-none-eabi/lib/armv7e-m/fpu\libc_nano.a
END GROUP
START GROUP
LOAD d:/stm32_ide/tools/compiller/bin/../lib/gcc/arm-none-eabi/5.4.1/armv7e-m/fpu\libgcc.a
LOAD d:/stm32_ide/tools/compiller/bin/../lib/gcc/arm-none-eabi/5.4.1/../../../../arm-none-eabi/lib/armv7e-m/fpu\libc_nano.a
LOAD d:/stm32_ide/tools/compiller/bin/../lib/gcc/arm-none-eabi/5.4.1/../../../../arm-none-eabi/lib/armv7e-m/fpu\libnosys.a
END GROUP
START GROUP
LOAD d:/stm32_ide/tools/compiller/bin/../lib/gcc/arm-none-eabi/5.4.1/armv7e-m/fpu\libgcc.a
LOAD d:/stm32_ide/tools/compiller/bin/../lib/gcc/arm-none-eabi/5.4.1/../../../../arm-none-eabi/lib/armv7e-m/fpu\libc_nano.a
LOAD d:/stm32_ide/tools/compiller/bin/../lib/gcc/arm-none-eabi/5.4.1/../../../../arm-none-eabi/lib/armv7e-m/fpu\libnosys.a
END GROUP
LOAD d:/stm32_ide/tools/compiller/bin/../lib/gcc/arm-none-eabi/5.4.1/armv7e-m/fpu/crtend.o
LOAD d:/stm32_ide/tools/compiller/bin/../lib/gcc/arm-none-eabi/5.4.1/armv7e-m/fpu/crtn.o
                0x20030000                _estack = 0x20030000
                0x00000200                _Min_Heap_Size = 0x200
                0x00000400                _Min_Stack_Size = 0x400

.isr_vector     0x08000000      0x1ac
                0x08000000                . = ALIGN (0x4)
 *(.isr_vector)
 .isr_vector    0x08000000      0x1ac Drivers/CMSIS/Device/ST/STM32F4xx/Source/Templates/gcc/startup_stm32f429xx.o
                0x08000000                g_pfnVectors
                0x080001ac                . = ALIGN (0x4)

.text           0x080001ac     0x1988
                0x080001ac                . = ALIGN (0x4)
 *(.text)
 .text          0x080001ac       0x5c d:/stm32_ide/tools/compiller/bin/../lib/gcc/arm-none-eabi/5.4.1/armv7e-m/fpu/crtbegin.o
 *(.text*)
 .text.Reset_Handler
                0x08000208       0x50 Drivers/CMSIS/Device/ST/STM32F4xx/Source/Templates/gcc/startup_stm32f429xx.o
                0x08000208                Reset_Handler
 .text.Default_Handler
                0x08000258        0x2 Drivers/CMSIS/Device/ST/STM32F4xx/Source/Templates/gcc/startup_stm32f429xx.o
                0x08000258                RTC_Alarm_IRQHandler
                0x08000258                HASH_RNG_IRQHandler
                0x08000258                EXTI2_IRQHandler
                0x08000258                TIM8_CC_IRQHandler
                0x08000258                DebugMon_Handler
                0x08000258                UART8_IRQHandler
                0x08000258                SPI4_IRQHandler
                0x08000258                TIM1_CC_IRQHandler
                0x08000258                DMA2_Stream5_IRQHandler
                0x08000258                HardFault_Handler
                0x08000258                DMA1_Stream5_IRQHandler
                0x08000258                PVD_IRQHandler
                0x08000258                SDIO_IRQHandler
                0x08000258                TAMP_STAMP_IRQHandler
                0x08000258                NMI_Handler
                0x08000258                CAN2_RX1_IRQHandler
                0x08000258                EXTI3_IRQHandler
                0x08000258                TIM8_TRG_COM_TIM14_IRQHandler
                0x08000258                TIM1_UP_TIM10_IRQHandler
                0x08000258                TIM8_UP_TIM13_IRQHandler
                0x08000258                I2C3_ER_IRQHandler
                0x08000258                EXTI0_IRQHandler
                0x08000258                I2C2_EV_IRQHandler
                0x08000258                DMA1_Stream2_IRQHandler
                0x08000258                CAN1_RX0_IRQHandler
                0x08000258                FPU_IRQHandler
                0x08000258                OTG_HS_WKUP_IRQHandler
                0x08000258                UsageFault_Handler
                0x08000258                LTDC_ER_IRQHandler
                0x08000258                CAN2_SCE_IRQHandler
                0x08000258                DMA2_Stream2_IRQHandler
                0x08000258                SPI1_IRQHandler
                0x08000258                TIM6_DAC_IRQHandler
                0x08000258                TIM1_BRK_TIM9_IRQHandler
                0x08000258                DCMI_IRQHandler
                0x08000258                CAN2_RX0_IRQHandler
                0x08000258                DMA2_Stream3_IRQHandler
                0x08000258                USART6_IRQHandler
                0x08000258                USART3_IRQHandler
                0x08000258                CAN1_RX1_IRQHandler
                0x08000258                UART5_IRQHandler
                0x08000258                DMA2_Stream0_IRQHandler
                0x08000258                TIM4_IRQHandler
                0x08000258                I2C1_EV_IRQHandler
                0x08000258                DMA1_Stream6_IRQHandler
                0x08000258                DMA1_Stream1_IRQHandler
                0x08000258                UART4_IRQHandler
                0x08000258                TIM3_IRQHandler
                0x08000258                RCC_IRQHandler
                0x08000258                TIM8_BRK_TIM12_IRQHandler
                0x08000258                Default_Handler
                0x08000258                EXTI15_10_IRQHandler
                0x08000258                ADC_IRQHandler
                0x08000258                DMA1_Stream7_IRQHandler
                0x08000258                SPI5_IRQHandler
                0x08000258                TIM7_IRQHandler
                0x08000258                CAN2_TX_IRQHandler
                0x08000258                TIM5_IRQHandler
                0x08000258                DMA2_Stream7_IRQHandler
                0x08000258                I2C3_EV_IRQHandler
                0x08000258                EXTI9_5_IRQHandler
                0x08000258                RTC_WKUP_IRQHandler
                0x08000258                LTDC_IRQHandler
                0x08000258                ETH_WKUP_IRQHandler
                0x08000258                SPI2_IRQHandler
                0x08000258                OTG_HS_EP1_IN_IRQHandler
                0x08000258                MemManage_Handler
                0x08000258                DMA1_Stream0_IRQHandler
                0x08000258                CAN1_TX_IRQHandler
                0x08000258                EXTI4_IRQHandler
                0x08000258                ETH_IRQHandler
                0x08000258                OTG_HS_EP1_OUT_IRQHandler
                0x08000258                WWDG_IRQHandler
                0x08000258                SPI6_IRQHandler
                0x08000258                TIM2_IRQHandler
                0x08000258                OTG_FS_WKUP_IRQHandler
                0x08000258                TIM1_TRG_COM_TIM11_IRQHandler
                0x08000258                OTG_HS_IRQHandler
                0x08000258                DMA2D_IRQHandler
                0x08000258                EXTI1_IRQHandler
                0x08000258                UART7_IRQHandler
                0x08000258                USART2_IRQHandler
                0x08000258                I2C2_ER_IRQHandler
                0x08000258                DMA2_Stream1_IRQHandler
                0x08000258                CAN1_SCE_IRQHandler
                0x08000258                FLASH_IRQHandler
                0x08000258                DMA2_Stream4_IRQHandler
                0x08000258                BusFault_Handler
                0x08000258                USART1_IRQHandler
                0x08000258                OTG_FS_IRQHandler
                0x08000258                SPI3_IRQHandler
                0x08000258                DMA1_Stream4_IRQHandler
                0x08000258                I2C1_ER_IRQHandler
                0x08000258                FMC_IRQHandler
                0x08000258                DMA2_Stream6_IRQHandler
                0x08000258                SAI1_IRQHandler
                0x08000258                DMA1_Stream3_IRQHandler
 *fill*         0x0800025a        0x2 
 .text.SystemInit
                0x0800025c       0x4c Drivers/CMSIS/Device/ST/STM32F4xx/Source/Templates/system_stm32f4xx.o
                0x0800025c                SystemInit
 .text.HAL_InitTick
                0x080002a8       0x28 Drivers/STM32F4xx_HAL_Driver/Src/stm32f4xx_hal.o
                0x080002a8                HAL_InitTick
 .text.HAL_Init
                0x080002d0       0x34 Drivers/STM32F4xx_HAL_Driver/Src/stm32f4xx_hal.o
                0x080002d0                HAL_Init
 .text.HAL_IncTick
                0x08000304       0x10 Drivers/STM32F4xx_HAL_Driver/Src/stm32f4xx_hal.o
                0x08000304                HAL_IncTick
 .text.HAL_GetTick
                0x08000314        0xc Drivers/STM32F4xx_HAL_Driver/Src/stm32f4xx_hal.o
                0x08000314                HAL_GetTick
 .text.HAL_Delay
                0x08000320       0x1a Drivers/STM32F4xx_HAL_Driver/Src/stm32f4xx_hal.o
                0x08000320                HAL_Delay
 *fill*         0x0800033a        0x2 
 .text.HAL_NVIC_SetPriorityGrouping
                0x0800033c       0x24 Drivers/STM32F4xx_HAL_Driver/Src/stm32f4xx_hal_cortex.o
                0x0800033c                HAL_NVIC_SetPriorityGrouping
 .text.HAL_NVIC_SetPriority
                0x08000360       0x68 Drivers/STM32F4xx_HAL_Driver/Src/stm32f4xx_hal_cortex.o
                0x08000360                HAL_NVIC_SetPriority
 .text.HAL_SYSTICK_Config
                0x080003c8       0x2c Drivers/STM32F4xx_HAL_Driver/Src/stm32f4xx_hal_cortex.o
                0x080003c8                HAL_SYSTICK_Config
 .text.HAL_SYSTICK_CLKSourceConfig
                0x080003f4       0x18 Drivers/STM32F4xx_HAL_Driver/Src/stm32f4xx_hal_cortex.o
                0x080003f4                HAL_SYSTICK_CLKSourceConfig
 .text.HAL_SYSTICK_Callback
                0x0800040c        0x2 Drivers/STM32F4xx_HAL_Driver/Src/stm32f4xx_hal_cortex.o
                0x0800040c                HAL_SYSTICK_Callback
 .text.HAL_SYSTICK_IRQHandler
                0x0800040e        0x8 Drivers/STM32F4xx_HAL_Driver/Src/stm32f4xx_hal_cortex.o
                0x0800040e                HAL_SYSTICK_IRQHandler
 *fill*         0x08000416        0x2 
 .text.HAL_GPIO_Init
                0x08000418      0x1d8 Drivers/STM32F4xx_HAL_Driver/Src/stm32f4xx_hal_gpio.o
                0x08000418                HAL_GPIO_Init
 .text.HAL_GPIO_WritePin
                0x080005f0        0x8 Drivers/STM32F4xx_HAL_Driver/Src/stm32f4xx_hal_gpio.o
                0x080005f0                HAL_GPIO_WritePin
 .text.HAL_GPIO_TogglePin
                0x080005f8        0x8 Drivers/STM32F4xx_HAL_Driver/Src/stm32f4xx_hal_gpio.o
                0x080005f8                HAL_GPIO_TogglePin
 .text.HAL_PWREx_EnableOverDrive
                0x08000600       0x98 Drivers/STM32F4xx_HAL_Driver/Src/stm32f4xx_hal_pwr_ex.o
                0x08000600                HAL_PWREx_EnableOverDrive
 .text.HAL_RCC_OscConfig
                0x08000698      0x2d0 Drivers/STM32F4xx_HAL_Driver/Src/stm32f4xx_hal_rcc.o
                0x08000698                HAL_RCC_OscConfig
 .text.HAL_RCC_GetSysClockFreq
                0x08000968       0x7c Drivers/STM32F4xx_HAL_Driver/Src/stm32f4xx_hal_rcc.o
                0x08000968                HAL_RCC_GetSysClockFreq
 .text.HAL_RCC_ClockConfig
                0x080009e4      0x168 Drivers/STM32F4xx_HAL_Driver/Src/stm32f4xx_hal_rcc.o
                0x080009e4                HAL_RCC_ClockConfig
 .text.HAL_RCC_GetHCLKFreq
                0x08000b4c        0xc Drivers/STM32F4xx_HAL_Driver/Src/stm32f4xx_hal_rcc.o
                0x08000b4c                HAL_RCC_GetHCLKFreq
 .text.TIM_OC1_SetConfig
                0x08000b58       0x58 Drivers/STM32F4xx_HAL_Driver/Src/stm32f4xx_hal_tim.o
 .text.TIM_OC3_SetConfig
                0x08000bb0       0x60 Drivers/STM32F4xx_HAL_Driver/Src/stm32f4xx_hal_tim.o
 .text.TIM_OC4_SetConfig
                0x08000c10       0x50 Drivers/STM32F4xx_HAL_Driver/Src/stm32f4xx_hal_tim.o
 .text.HAL_TIM_Base_Start
                0x08000c60       0x1a Drivers/STM32F4xx_HAL_Driver/Src/stm32f4xx_hal_tim.o
                0x08000c60                HAL_TIM_Base_Start
 .text.HAL_TIM_PWM_MspInit
                0x08000c7a        0x2 Drivers/STM32F4xx_HAL_Driver/Src/stm32f4xx_hal_tim.o
                0x08000c7a                HAL_TIM_PWM_MspInit
 .text.HAL_TIM_ConfigClockSource
                0x08000c7c      0x174 Drivers/STM32F4xx_HAL_Driver/Src/stm32f4xx_hal_tim.o
                0x08000c7c                HAL_TIM_ConfigClockSource
 .text.TIM_Base_SetConfig
                0x08000df0       0xc8 Drivers/STM32F4xx_HAL_Driver/Src/stm32f4xx_hal_tim.o
                0x08000df0                TIM_Base_SetConfig
 .text.HAL_TIM_Base_Init
                0x08000eb8       0x34 Drivers/STM32F4xx_HAL_Driver/Src/stm32f4xx_hal_tim.o
                0x08000eb8                HAL_TIM_Base_Init
 .text.HAL_TIM_PWM_Init
                0x08000eec       0x34 Drivers/STM32F4xx_HAL_Driver/Src/stm32f4xx_hal_tim.o
                0x08000eec                HAL_TIM_PWM_Init
 .text.TIM_OC2_SetConfig
                0x08000f20       0x64 Drivers/STM32F4xx_HAL_Driver/Src/stm32f4xx_hal_tim.o
                0x08000f20                TIM_OC2_SetConfig
 .text.HAL_TIM_PWM_ConfigChannel
                0x08000f84       0xc6 Drivers/STM32F4xx_HAL_Driver/Src/stm32f4xx_hal_tim.o
                0x08000f84                HAL_TIM_PWM_ConfigChannel
 .text.TIM_CCxChannelCmd
                0x0800104a       0x1a Drivers/STM32F4xx_HAL_Driver/Src/stm32f4xx_hal_tim.o
                0x0800104a                TIM_CCxChannelCmd
 .text.HAL_TIM_PWM_Start
                0x08001064       0x34 Drivers/STM32F4xx_HAL_Driver/Src/stm32f4xx_hal_tim.o
                0x08001064                HAL_TIM_PWM_Start
 .text.HAL_TIM_PWM_Stop
                0x08001098       0x64 Drivers/STM32F4xx_HAL_Driver/Src/stm32f4xx_hal_tim.o
                0x08001098                HAL_TIM_PWM_Stop
 .text.HAL_TIMEx_MasterConfigSynchronization
                0x080010fc       0x44 Drivers/STM32F4xx_HAL_Driver/Src/stm32f4xx_hal_tim_ex.o
                0x080010fc                HAL_TIMEx_MasterConfigSynchronization
 .text.MX_GPIO_Init
                0x08001140      0x404 Src/gpio.o
                0x08001140                MX_GPIO_Init
 .text.SystemClock_Config
                0x08001544       0xb4 Src/main.o
                0x08001544                SystemClock_Config
 .text.startup.main
                0x080015f8       0x84 Src/main.o
                0x080015f8                main
 .text.Error_Handler
                0x0800167c        0x2 Src/main.o
                0x0800167c                Error_Handler
 .text.HAL_MspInit
                0x0800167e       0x60 Src/stm32f4xx_hal_msp.o
                0x0800167e                HAL_MspInit
 .text.SVC_Handler
                0x080016de        0x2 Src/stm32f4xx_it.o
                0x080016de                SVC_Handler
 .text.PendSV_Handler
                0x080016e0        0x2 Src/stm32f4xx_it.o
                0x080016e0                PendSV_Handler
 .text.SysTick_Handler
                0x080016e2        0xe Src/stm32f4xx_it.o
                0x080016e2                SysTick_Handler
 .text.HAL_TIM_Base_MspInit
                0x080016f0       0x30 Src/tim.o
                0x080016f0                HAL_TIM_Base_MspInit
 .text.HAL_TIM_MspPostInit
                0x08001720       0x4c Src/tim.o
                0x08001720                HAL_TIM_MspPostInit
 .text.MX_TIM3_Init
                0x0800176c       0xc0 Src/tim.o
                0x0800176c                MX_TIM3_Init
 .text.HAL_TIM_IPX_CHANGE_TIM2_DUTY_CYCLE
                0x0800182c       0x60 Src/tim.o
                0x0800182c                HAL_TIM_IPX_CHANGE_TIM2_DUTY_CYCLE
 .text.drive_forward
                0x0800188c       0xd0 Src/tim.o
                0x0800188c                drive_forward
 .text.drive_backward
                0x0800195c       0xd4 Src/tim.o
                0x0800195c                drive_backward
 .text.drive_stop
                0x08001a30       0xa0 Src/tim.o
                0x08001a30                drive_stop
 .text.__libc_init_array
                0x08001ad0       0x4c d:/stm32_ide/tools/compiller/bin/../lib/gcc/arm-none-eabi/5.4.1/../../../../arm-none-eabi/lib/armv7e-m/fpu\libc_nano.a(lib_a-init.o)
                0x08001ad0                __libc_init_array
 *(.glue_7)
 .glue_7        0x08001b1c        0x0 linker stubs
 *(.glue_7t)
 .glue_7t       0x08001b1c        0x0 linker stubs
 *(.eh_frame)
 .eh_frame      0x08001b1c        0x0 d:/stm32_ide/tools/compiller/bin/../lib/gcc/arm-none-eabi/5.4.1/armv7e-m/fpu/crtbegin.o
 *(.init)
 .init          0x08001b1c        0x4 d:/stm32_ide/tools/compiller/bin/../lib/gcc/arm-none-eabi/5.4.1/armv7e-m/fpu/crti.o
                0x08001b1c                _init
 .init          0x08001b20        0x8 d:/stm32_ide/tools/compiller/bin/../lib/gcc/arm-none-eabi/5.4.1/armv7e-m/fpu/crtn.o
 *(.fini)
 .fini          0x08001b28        0x4 d:/stm32_ide/tools/compiller/bin/../lib/gcc/arm-none-eabi/5.4.1/armv7e-m/fpu/crti.o
                0x08001b28                _fini
 .fini          0x08001b2c        0x8 d:/stm32_ide/tools/compiller/bin/../lib/gcc/arm-none-eabi/5.4.1/armv7e-m/fpu/crtn.o
                0x08001b34                . = ALIGN (0x4)
                0x08001b34                _etext = .

.vfp11_veneer   0x08001b34        0x0
 .vfp11_veneer  0x08001b34        0x0 linker stubs

.v4_bx          0x08001b34        0x0
 .v4_bx         0x08001b34        0x0 linker stubs

.iplt           0x08001b34        0x0
 .iplt          0x08001b34        0x0 d:/stm32_ide/tools/compiller/bin/../lib/gcc/arm-none-eabi/5.4.1/armv7e-m/fpu/crtbegin.o

.rodata         0x08001b34       0x10
                0x08001b34                . = ALIGN (0x4)
 *(.rodata)
 .rodata        0x08001b34       0x10 Drivers/STM32F4xx_HAL_Driver/Src/stm32f4xx_hal_rcc.o
                0x08001b34                APBAHBPrescTable
 *(.rodata*)
                0x08001b44                . = ALIGN (0x4)

.rel.dyn        0x08001b44        0x0
 .rel.iplt      0x08001b44        0x0 d:/stm32_ide/tools/compiller/bin/../lib/gcc/arm-none-eabi/5.4.1/armv7e-m/fpu/crtbegin.o

.ARM.extab
 *(.ARM.extab* .gnu.linkonce.armextab.*)

.ARM            0x08001b44        0x0
                0x08001b44                __exidx_start = .
 *(.ARM.exidx*)
                0x08001b44                __exidx_end = .

.preinit_array  0x08001b44        0x0
                0x08001b44                PROVIDE (__preinit_array_start, .)
 *(.preinit_array*)
                0x08001b44                PROVIDE (__preinit_array_end, .)

.init_array     0x08001b44        0x4
                0x08001b44                PROVIDE (__init_array_start, .)
 *(SORT(.init_array.*))
 *(.init_array*)
 .init_array    0x08001b44        0x4 d:/stm32_ide/tools/compiller/bin/../lib/gcc/arm-none-eabi/5.4.1/armv7e-m/fpu/crtbegin.o
                0x08001b48                PROVIDE (__init_array_end, .)

.fini_array     0x08001b48        0x4
                [!provide]                PROVIDE (__fini_array_start, .)
 *(SORT(.fini_array.*))
 *(.fini_array*)
 .fini_array    0x08001b48        0x4 d:/stm32_ide/tools/compiller/bin/../lib/gcc/arm-none-eabi/5.4.1/armv7e-m/fpu/crtbegin.o
                [!provide]                PROVIDE (__fini_array_end, .)
                0x08001b4c                _sidata = LOADADDR (.data)

.data           0x20000000        0x4 load address 0x08001b4c
                0x20000000                . = ALIGN (0x4)
                0x20000000                _sdata = .
 *(.data)
 .data          0x20000000        0x4 Drivers/CMSIS/Device/ST/STM32F4xx/Source/Templates/system_stm32f4xx.o
                0x20000000                SystemCoreClock
 *(.data*)
                0x20000004                . = ALIGN (0x4)
                0x20000004                _edata = .
                0x08001b50                _siccmram = LOADADDR (.ccmram)

.jcr            0x20000004        0x0 load address 0x08001b50
 .jcr           0x20000004        0x0 d:/stm32_ide/tools/compiller/bin/../lib/gcc/arm-none-eabi/5.4.1/armv7e-m/fpu/crtbegin.o

.igot.plt       0x20000004        0x0 load address 0x08001b50
 .igot.plt      0x20000004        0x0 d:/stm32_ide/tools/compiller/bin/../lib/gcc/arm-none-eabi/5.4.1/armv7e-m/fpu/crtbegin.o

.ccmram         0x10000000        0x0 load address 0x08001b50
                0x10000000                . = ALIGN (0x4)
                0x10000000                _sccmram = .
 *(.ccmram)
 *(.ccmram*)
                0x10000000                . = ALIGN (0x4)
                0x10000000                _eccmram = .
                0x10000000                . = ALIGN (0x4)

.bss            0x20000004       0x60
                0x20000004                _sbss = .
                0x20000004                __bss_start__ = _sbss
 *(.bss)
 .bss           0x20000004       0x1c d:/stm32_ide/tools/compiller/bin/../lib/gcc/arm-none-eabi/5.4.1/armv7e-m/fpu/crtbegin.o
 *(.bss*)
 *(COMMON)
 COMMON         0x20000020        0x2 Drivers/CMSIS/Device/ST/STM32F4xx/Source/Templates/system_stm32f4xx.o
                0x20000020                DRIVE_DIRECTION
 *fill*         0x20000022        0x2 
 COMMON         0x20000024        0x4 Drivers/STM32F4xx_HAL_Driver/Src/stm32f4xx_hal.o
                0x20000024                uwTick
 COMMON         0x20000028       0x3c Src/tim.o
                0x20000028                htim3
                0x20000064                . = ALIGN (0x4)
                0x20000064                _ebss = .
                0x20000064                __bss_end__ = _ebss

._user_heap_stack
                0x20000064      0x604
                0x20000068                . = ALIGN (0x8)
 *fill*         0x20000064        0x4 
                [!provide]                PROVIDE (end, .)
                [!provide]                PROVIDE (_end, .)
                0x20000268                . = (. + _Min_Heap_Size)
 *fill*         0x20000068      0x200 
                0x20000668                . = (. + _Min_Stack_Size)
 *fill*         0x20000268      0x400 
                0x20000668                . = ALIGN (0x8)

/DISCARD/
 libc.a(*)
 libm.a(*)
 libgcc.a(*)

.ARM.attributes
                0x00000000       0x30
 *(.ARM.attributes)
 .ARM.attributes
                0x00000000       0x22 d:/stm32_ide/tools/compiller/bin/../lib/gcc/arm-none-eabi/5.4.1/armv7e-m/fpu/crti.o
 .ARM.attributes
                0x00000022       0x34 d:/stm32_ide/tools/compiller/bin/../lib/gcc/arm-none-eabi/5.4.1/armv7e-m/fpu/crtbegin.o
 .ARM.attributes
                0x00000056       0x21 Drivers/CMSIS/Device/ST/STM32F4xx/Source/Templates/gcc/startup_stm32f429xx.o
 .ARM.attributes
                0x00000077       0x39 Drivers/CMSIS/Device/ST/STM32F4xx/Source/Templates/system_stm32f4xx.o
 .ARM.attributes
                0x000000b0       0x39 Drivers/STM32F4xx_HAL_Driver/Src/stm32f4xx_hal.o
 .ARM.attributes
                0x000000e9       0x39 Drivers/STM32F4xx_HAL_Driver/Src/stm32f4xx_hal_cortex.o
 .ARM.attributes
                0x00000122       0x39 Drivers/STM32F4xx_HAL_Driver/Src/stm32f4xx_hal_gpio.o
 .ARM.attributes
                0x0000015b       0x39 Drivers/STM32F4xx_HAL_Driver/Src/stm32f4xx_hal_pwr_ex.o
 .ARM.attributes
                0x00000194       0x39 Drivers/STM32F4xx_HAL_Driver/Src/stm32f4xx_hal_rcc.o
 .ARM.attributes
                0x000001cd       0x39 Drivers/STM32F4xx_HAL_Driver/Src/stm32f4xx_hal_tim.o
 .ARM.attributes
                0x00000206       0x39 Drivers/STM32F4xx_HAL_Driver/Src/stm32f4xx_hal_tim_ex.o
 .ARM.attributes
                0x0000023f       0x39 Src/gpio.o
 .ARM.attributes
                0x00000278       0x39 Src/main.o
 .ARM.attributes
                0x000002b1       0x39 Src/stm32f4xx_hal_msp.o
 .ARM.attributes
                0x000002ea       0x39 Src/stm32f4xx_it.o
 .ARM.attributes
                0x00000323       0x39 Src/tim.o
 .ARM.attributes
                0x0000035c       0x34 d:/stm32_ide/tools/compiller/bin/../lib/gcc/arm-none-eabi/5.4.1/../../../../arm-none-eabi/lib/armv7e-m/fpu\libc_nano.a(lib_a-init.o)
 .ARM.attributes
                0x00000390       0x22 d:/stm32_ide/tools/compiller/bin/../lib/gcc/arm-none-eabi/5.4.1/armv7e-m/fpu/crtn.o
OUTPUT(demo.elf elf32-littlearm)

.debug_line     0x00000000     0x6f1c
 .debug_line    0x00000000       0xae Drivers/CMSIS/Device/ST/STM32F4xx/Source/Templates/gcc/startup_stm32f429xx.o
 .debug_line    0x000000ae      0x66c Drivers/CMSIS/Device/ST/STM32F4xx/Source/Templates/system_stm32f4xx.o
 .debug_line    0x0000071a      0x7d0 Drivers/STM32F4xx_HAL_Driver/Src/stm32f4xx_hal.o
 .debug_line    0x00000eea      0x810 Drivers/STM32F4xx_HAL_Driver/Src/stm32f4xx_hal_cortex.o
 .debug_line    0x000016fa      0x7f8 Drivers/STM32F4xx_HAL_Driver/Src/stm32f4xx_hal_gpio.o
 .debug_line    0x00001ef2      0x784 Drivers/STM32F4xx_HAL_Driver/Src/stm32f4xx_hal_pwr_ex.o
 .debug_line    0x00002676      0x91d Drivers/STM32F4xx_HAL_Driver/Src/stm32f4xx_hal_rcc.o
 .debug_line    0x00002f93     0x146f Drivers/STM32F4xx_HAL_Driver/Src/stm32f4xx_hal_tim.o
 .debug_line    0x00004402      0xa08 Drivers/STM32F4xx_HAL_Driver/Src/stm32f4xx_hal_tim_ex.o
 .debug_line    0x00004e0a      0x739 Src/gpio.o
 .debug_line    0x00005543      0x66c Src/main.o
 .debug_line    0x00005baf      0x614 Src/stm32f4xx_hal_msp.o
 .debug_line    0x000061c3      0x62c Src/stm32f4xx_it.o
 .debug_line    0x000067ef      0x72d Src/tim.o

.debug_info     0x00000000     0xaa15
 .debug_info    0x00000000       0x96 Drivers/CMSIS/Device/ST/STM32F4xx/Source/Templates/gcc/startup_stm32f429xx.o
 .debug_info    0x00000096      0x505 Drivers/CMSIS/Device/ST/STM32F4xx/Source/Templates/system_stm32f4xx.o
 .debug_info    0x0000059b      0x9c1 Drivers/STM32F4xx_HAL_Driver/Src/stm32f4xx_hal.o
 .debug_info    0x00000f5c      0xec6 Drivers/STM32F4xx_HAL_Driver/Src/stm32f4xx_hal_cortex.o
 .debug_info    0x00001e22      0x75c Drivers/STM32F4xx_HAL_Driver/Src/stm32f4xx_hal_gpio.o
 .debug_info    0x0000257e      0x967 Drivers/STM32F4xx_HAL_Driver/Src/stm32f4xx_hal_pwr_ex.o
 .debug_info    0x00002ee5      0xcc2 Drivers/STM32F4xx_HAL_Driver/Src/stm32f4xx_hal_rcc.o
 .debug_info    0x00003ba7     0x2ebb Drivers/STM32F4xx_HAL_Driver/Src/stm32f4xx_hal_tim.o
 .debug_info    0x00006a62      0xf80 Drivers/STM32F4xx_HAL_Driver/Src/stm32f4xx_hal_tim_ex.o
 .debug_info    0x000079e2      0x915 Src/gpio.o
 .debug_info    0x000082f7      0xee6 Src/main.o
 .debug_info    0x000091dd      0x43b Src/stm32f4xx_hal_msp.o
 .debug_info    0x00009618      0x113 Src/stm32f4xx_it.o
 .debug_info    0x0000972b     0x12ea Src/tim.o

.debug_abbrev   0x00000000     0x1b3d
 .debug_abbrev  0x00000000       0x12 Drivers/CMSIS/Device/ST/STM32F4xx/Source/Templates/gcc/startup_stm32f429xx.o
 .debug_abbrev  0x00000012      0x104 Drivers/CMSIS/Device/ST/STM32F4xx/Source/Templates/system_stm32f4xx.o
 .debug_abbrev  0x00000116      0x247 Drivers/STM32F4xx_HAL_Driver/Src/stm32f4xx_hal.o
 .debug_abbrev  0x0000035d      0x343 Drivers/STM32F4xx_HAL_Driver/Src/stm32f4xx_hal_cortex.o
 .debug_abbrev  0x000006a0      0x1dc Drivers/STM32F4xx_HAL_Driver/Src/stm32f4xx_hal_gpio.o
 .debug_abbrev  0x0000087c      0x242 Drivers/STM32F4xx_HAL_Driver/Src/stm32f4xx_hal_pwr_ex.o
 .debug_abbrev  0x00000abe      0x321 Drivers/STM32F4xx_HAL_Driver/Src/stm32f4xx_hal_rcc.o
 .debug_abbrev  0x00000ddf      0x325 Drivers/STM32F4xx_HAL_Driver/Src/stm32f4xx_hal_tim.o
 .debug_abbrev  0x00001104      0x284 Drivers/STM32F4xx_HAL_Driver/Src/stm32f4xx_hal_tim_ex.o
 .debug_abbrev  0x00001388      0x162 Src/gpio.o
 .debug_abbrev  0x000014ea      0x21f Src/main.o
 .debug_abbrev  0x00001709       0xd6 Src/stm32f4xx_hal_msp.o
 .debug_abbrev  0x000017df       0xd9 Src/stm32f4xx_it.o
 .debug_abbrev  0x000018b8      0x285 Src/tim.o

.debug_aranges  0x00000000      0x718
 .debug_aranges
                0x00000000       0x28 Drivers/CMSIS/Device/ST/STM32F4xx/Source/Templates/gcc/startup_stm32f429xx.o
 .debug_aranges
                0x00000028       0x28 Drivers/CMSIS/Device/ST/STM32F4xx/Source/Templates/system_stm32f4xx.o
 .debug_aranges
                0x00000050       0xc8 Drivers/STM32F4xx_HAL_Driver/Src/stm32f4xx_hal.o
 .debug_aranges
                0x00000118       0x98 Drivers/STM32F4xx_HAL_Driver/Src/stm32f4xx_hal_cortex.o
 .debug_aranges
                0x000001b0       0x58 Drivers/STM32F4xx_HAL_Driver/Src/stm32f4xx_hal_gpio.o
 .debug_aranges
                0x00000208       0x60 Drivers/STM32F4xx_HAL_Driver/Src/stm32f4xx_hal_pwr_ex.o
 .debug_aranges
                0x00000268       0x80 Drivers/STM32F4xx_HAL_Driver/Src/stm32f4xx_hal_rcc.o
 .debug_aranges
                0x000002e8      0x250 Drivers/STM32F4xx_HAL_Driver/Src/stm32f4xx_hal_tim.o
 .debug_aranges
                0x00000538       0xf0 Drivers/STM32F4xx_HAL_Driver/Src/stm32f4xx_hal_tim_ex.o
 .debug_aranges
                0x00000628       0x20 Src/gpio.o
 .debug_aranges
                0x00000648       0x30 Src/main.o
 .debug_aranges
                0x00000678       0x20 Src/stm32f4xx_hal_msp.o
 .debug_aranges
                0x00000698       0x28 Src/stm32f4xx_it.o
 .debug_aranges
                0x000006c0       0x58 Src/tim.o

.debug_ranges   0x00000000      0x960
 .debug_ranges  0x00000000       0x20 Drivers/CMSIS/Device/ST/STM32F4xx/Source/Templates/gcc/startup_stm32f429xx.o
 .debug_ranges  0x00000020       0x18 Drivers/CMSIS/Device/ST/STM32F4xx/Source/Templates/system_stm32f4xx.o
 .debug_ranges  0x00000038       0xb8 Drivers/STM32F4xx_HAL_Driver/Src/stm32f4xx_hal.o
 .debug_ranges  0x000000f0      0x148 Drivers/STM32F4xx_HAL_Driver/Src/stm32f4xx_hal_cortex.o
 .debug_ranges  0x00000238       0x70 Drivers/STM32F4xx_HAL_Driver/Src/stm32f4xx_hal_gpio.o
 .debug_ranges  0x000002a8       0x80 Drivers/STM32F4xx_HAL_Driver/Src/stm32f4xx_hal_pwr_ex.o
 .debug_ranges  0x00000328      0x150 Drivers/STM32F4xx_HAL_Driver/Src/stm32f4xx_hal_rcc.o
 .debug_ranges  0x00000478      0x330 Drivers/STM32F4xx_HAL_Driver/Src/stm32f4xx_hal_tim.o
 .debug_ranges  0x000007a8       0xe0 Drivers/STM32F4xx_HAL_Driver/Src/stm32f4xx_hal_tim_ex.o
 .debug_ranges  0x00000888       0x48 Src/gpio.o
 .debug_ranges  0x000008d0       0x20 Src/main.o
 .debug_ranges  0x000008f0       0x10 Src/stm32f4xx_hal_msp.o
 .debug_ranges  0x00000900       0x18 Src/stm32f4xx_it.o
 .debug_ranges  0x00000918       0x48 Src/tim.o

.debug_loc      0x00000000     0x4b53
 .debug_loc     0x00000000       0xd7 Drivers/CMSIS/Device/ST/STM32F4xx/Source/Templates/system_stm32f4xx.o
 .debug_loc     0x000000d7       0xbe Drivers/STM32F4xx_HAL_Driver/Src/stm32f4xx_hal.o
 .debug_loc     0x00000195      0x4ab Drivers/STM32F4xx_HAL_Driver/Src/stm32f4xx_hal_cortex.o
 .debug_loc     0x00000640      0x374 Drivers/STM32F4xx_HAL_Driver/Src/stm32f4xx_hal_gpio.o
 .debug_loc     0x000009b4      0x261 Drivers/STM32F4xx_HAL_Driver/Src/stm32f4xx_hal_pwr_ex.o
 .debug_loc     0x00000c15      0x49b Drivers/STM32F4xx_HAL_Driver/Src/stm32f4xx_hal_rcc.o
 .debug_loc     0x000010b0     0x3146 Drivers/STM32F4xx_HAL_Driver/Src/stm32f4xx_hal_tim.o
 .debug_loc     0x000041f6      0x7b9 Drivers/STM32F4xx_HAL_Driver/Src/stm32f4xx_hal_tim_ex.o
 .debug_loc     0x000049af       0x6c Src/main.o
 .debug_loc     0x00004a1b      0x138 Src/tim.o

.debug_macro    0x00000000    0x15f69
 .debug_macro   0x00000000      0x30a Drivers/CMSIS/Device/ST/STM32F4xx/Source/Templates/system_stm32f4xx.o
 .debug_macro   0x0000030a      0x89e Drivers/CMSIS/Device/ST/STM32F4xx/Source/Templates/system_stm32f4xx.o
 .debug_macro   0x00000ba8       0x31 Drivers/CMSIS/Device/ST/STM32F4xx/Source/Templates/system_stm32f4xx.o
 .debug_macro   0x00000bd9       0x28 Drivers/CMSIS/Device/ST/STM32F4xx/Source/Templates/system_stm32f4xx.o
 .debug_macro   0x00000c01       0x22 Drivers/CMSIS/Device/ST/STM32F4xx/Source/Templates/system_stm32f4xx.o
 .debug_macro   0x00000c23       0x87 Drivers/CMSIS/Device/ST/STM32F4xx/Source/Templates/system_stm32f4xx.o
 .debug_macro   0x00000caa       0x44 Drivers/CMSIS/Device/ST/STM32F4xx/Source/Templates/system_stm32f4xx.o
 .debug_macro   0x00000cee       0xfd Drivers/CMSIS/Device/ST/STM32F4xx/Source/Templates/system_stm32f4xx.o
 .debug_macro   0x00000deb       0x5e Drivers/CMSIS/Device/ST/STM32F4xx/Source/Templates/system_stm32f4xx.o
 .debug_macro   0x00000e49      0x1df Drivers/CMSIS/Device/ST/STM32F4xx/Source/Templates/system_stm32f4xx.o
 .debug_macro   0x00001028       0x35 Drivers/CMSIS/Device/ST/STM32F4xx/Source/Templates/system_stm32f4xx.o
 .debug_macro   0x0000105d       0x50 Drivers/CMSIS/Device/ST/STM32F4xx/Source/Templates/system_stm32f4xx.o
 .debug_macro   0x000010ad      0xe66 Drivers/CMSIS/Device/ST/STM32F4xx/Source/Templates/system_stm32f4xx.o
 .debug_macro   0x00001f13     0xa373 Drivers/CMSIS/Device/ST/STM32F4xx/Source/Templates/system_stm32f4xx.o
 .debug_macro   0x0000c286       0x43 Drivers/CMSIS/Device/ST/STM32F4xx/Source/Templates/system_stm32f4xx.o
 .debug_macro   0x0000c2c9      0x3c2 Drivers/CMSIS/Device/ST/STM32F4xx/Source/Templates/system_stm32f4xx.o
 .debug_macro   0x0000c68b      0x179 Drivers/CMSIS/Device/ST/STM32F4xx/Source/Templates/system_stm32f4xx.o
 .debug_macro   0x0000c804     0x34ef Drivers/CMSIS/Device/ST/STM32F4xx/Source/Templates/system_stm32f4xx.o
 .debug_macro   0x0000fcf3       0x52 Drivers/CMSIS/Device/ST/STM32F4xx/Source/Templates/system_stm32f4xx.o
 .debug_macro   0x0000fd45       0x35 Drivers/CMSIS/Device/ST/STM32F4xx/Source/Templates/system_stm32f4xx.o
 .debug_macro   0x0000fd7a       0x9c Drivers/CMSIS/Device/ST/STM32F4xx/Source/Templates/system_stm32f4xx.o
 .debug_macro   0x0000fe16       0x16 Drivers/CMSIS/Device/ST/STM32F4xx/Source/Templates/system_stm32f4xx.o
 .debug_macro   0x0000fe2c       0x97 Drivers/CMSIS/Device/ST/STM32F4xx/Source/Templates/system_stm32f4xx.o
 .debug_macro   0x0000fec3      0x30d Drivers/CMSIS/Device/ST/STM32F4xx/Source/Templates/system_stm32f4xx.o
 .debug_macro   0x000101d0       0xfd Drivers/CMSIS/Device/ST/STM32F4xx/Source/Templates/system_stm32f4xx.o
 .debug_macro   0x000102cd       0x10 Drivers/CMSIS/Device/ST/STM32F4xx/Source/Templates/system_stm32f4xx.o
 .debug_macro   0x000102dd       0x52 Drivers/CMSIS/Device/ST/STM32F4xx/Source/Templates/system_stm32f4xx.o
 .debug_macro   0x0001032f       0x1f Drivers/CMSIS/Device/ST/STM32F4xx/Source/Templates/system_stm32f4xx.o
 .debug_macro   0x0001034e       0x43 Drivers/CMSIS/Device/ST/STM32F4xx/Source/Templates/system_stm32f4xx.o
 .debug_macro   0x00010391       0x20 Drivers/CMSIS/Device/ST/STM32F4xx/Source/Templates/system_stm32f4xx.o
 .debug_macro   0x000103b1      0x187 Drivers/CMSIS/Device/ST/STM32F4xx/Source/Templates/system_stm32f4xx.o
 .debug_macro   0x00010538       0x10 Drivers/CMSIS/Device/ST/STM32F4xx/Source/Templates/system_stm32f4xx.o
 .debug_macro   0x00010548       0x1c Drivers/CMSIS/Device/ST/STM32F4xx/Source/Templates/system_stm32f4xx.o
 .debug_macro   0x00010564       0x52 Drivers/CMSIS/Device/ST/STM32F4xx/Source/Templates/system_stm32f4xx.o
 .debug_macro   0x000105b6       0x40 Drivers/CMSIS/Device/ST/STM32F4xx/Source/Templates/system_stm32f4xx.o
 .debug_macro   0x000105f6       0x10 Drivers/CMSIS/Device/ST/STM32F4xx/Source/Templates/system_stm32f4xx.o
 .debug_macro   0x00010606       0x40 Drivers/CMSIS/Device/ST/STM32F4xx/Source/Templates/system_stm32f4xx.o
 .debug_macro   0x00010646       0xd7 Drivers/CMSIS/Device/ST/STM32F4xx/Source/Templates/system_stm32f4xx.o
 .debug_macro   0x0001071d       0x16 Drivers/CMSIS/Device/ST/STM32F4xx/Source/Templates/system_stm32f4xx.o
 .debug_macro   0x00010733      0x18b Drivers/CMSIS/Device/ST/STM32F4xx/Source/Templates/system_stm32f4xx.o
 .debug_macro   0x000108be       0x50 Drivers/CMSIS/Device/ST/STM32F4xx/Source/Templates/system_stm32f4xx.o
 .debug_macro   0x0001090e      0xc9e Drivers/CMSIS/Device/ST/STM32F4xx/Source/Templates/system_stm32f4xx.o
 .debug_macro   0x000115ac      0x9e1 Drivers/CMSIS/Device/ST/STM32F4xx/Source/Templates/system_stm32f4xx.o
 .debug_macro   0x00011f8d      0x11e Drivers/CMSIS/Device/ST/STM32F4xx/Source/Templates/system_stm32f4xx.o
 .debug_macro   0x000120ab      0x161 Drivers/CMSIS/Device/ST/STM32F4xx/Source/Templates/system_stm32f4xx.o
 .debug_macro   0x0001220c       0x27 Drivers/CMSIS/Device/ST/STM32F4xx/Source/Templates/system_stm32f4xx.o
 .debug_macro   0x00012233      0x287 Drivers/CMSIS/Device/ST/STM32F4xx/Source/Templates/system_stm32f4xx.o
 .debug_macro   0x000124ba       0x5f Drivers/CMSIS/Device/ST/STM32F4xx/Source/Templates/system_stm32f4xx.o
 .debug_macro   0x00012519      0x23a Drivers/CMSIS/Device/ST/STM32F4xx/Source/Templates/system_stm32f4xx.o
 .debug_macro   0x00012753      0x13a Drivers/CMSIS/Device/ST/STM32F4xx/Source/Templates/system_stm32f4xx.o
 .debug_macro   0x0001288d      0x41d Drivers/CMSIS/Device/ST/STM32F4xx/Source/Templates/system_stm32f4xx.o
 .debug_macro   0x00012caa       0x2e Drivers/CMSIS/Device/ST/STM32F4xx/Source/Templates/system_stm32f4xx.o
 .debug_macro   0x00012cd8      0x11e Drivers/CMSIS/Device/ST/STM32F4xx/Source/Templates/system_stm32f4xx.o
 .debug_macro   0x00012df6       0xe2 Drivers/CMSIS/Device/ST/STM32F4xx/Source/Templates/system_stm32f4xx.o
 .debug_macro   0x00012ed8       0x89 Drivers/CMSIS/Device/ST/STM32F4xx/Source/Templates/system_stm32f4xx.o
 .debug_macro   0x00012f61      0x6d9 Drivers/CMSIS/Device/ST/STM32F4xx/Source/Templates/system_stm32f4xx.o
 .debug_macro   0x0001363a       0x5b Drivers/CMSIS/Device/ST/STM32F4xx/Source/Templates/system_stm32f4xx.o
 .debug_macro   0x00013695      0x14d Drivers/CMSIS/Device/ST/STM32F4xx/Source/Templates/system_stm32f4xx.o
 .debug_macro   0x000137e2      0x12c Drivers/CMSIS/Device/ST/STM32F4xx/Source/Templates/system_stm32f4xx.o
 .debug_macro   0x0001390e      0x352 Drivers/STM32F4xx_HAL_Driver/Src/stm32f4xx_hal.o
 .debug_macro   0x00013c60      0x304 Drivers/STM32F4xx_HAL_Driver/Src/stm32f4xx_hal_cortex.o
 .debug_macro   0x00013f64      0x33c Drivers/STM32F4xx_HAL_Driver/Src/stm32f4xx_hal_gpio.o
 .debug_macro   0x000142a0      0x31c Drivers/STM32F4xx_HAL_Driver/Src/stm32f4xx_hal_pwr_ex.o
 .debug_macro   0x000145bc      0x32e Drivers/STM32F4xx_HAL_Driver/Src/stm32f4xx_hal_rcc.o
 .debug_macro   0x000148ea      0x305 Drivers/STM32F4xx_HAL_Driver/Src/stm32f4xx_hal_tim.o
 .debug_macro   0x00014bef      0x304 Drivers/STM32F4xx_HAL_Driver/Src/stm32f4xx_hal_tim_ex.o
 .debug_macro   0x00014ef3      0x30e Src/gpio.o
 .debug_macro   0x00015201      0x321 Src/main.o
 .debug_macro   0x00015522       0x94 Src/main.o
 .debug_macro   0x000155b6      0x304 Src/stm32f4xx_hal_msp.o
 .debug_macro   0x000158ba      0x30e Src/stm32f4xx_it.o
 .debug_macro   0x00015bc8      0x313 Src/tim.o
 .debug_macro   0x00015edb       0x8e Src/tim.o

.debug_str      0x00000000    0x76230
 .debug_str     0x00000000    0x73667 Drivers/CMSIS/Device/ST/STM32F4xx/Source/Templates/system_stm32f4xx.o
                              0x73907 (size before relaxing)
 .debug_str     0x00073667      0xa7e Drivers/STM32F4xx_HAL_Driver/Src/stm32f4xx_hal.o
                              0x74368 (size before relaxing)
 .debug_str     0x000740e5      0x32f Drivers/STM32F4xx_HAL_Driver/Src/stm32f4xx_hal_cortex.o
                              0x74185 (size before relaxing)
 .debug_str     0x00074414      0x2f2 Drivers/STM32F4xx_HAL_Driver/Src/stm32f4xx_hal_gpio.o
                              0x73b5e (size before relaxing)
 .debug_str     0x00074706      0x14d Drivers/STM32F4xx_HAL_Driver/Src/stm32f4xx_hal_pwr_ex.o
                              0x73ace (size before relaxing)
 .debug_str     0x00074853      0x371 Drivers/STM32F4xx_HAL_Driver/Src/stm32f4xx_hal_rcc.o
                              0x73ced (size before relaxing)
 .debug_str     0x00074bc4      0xe38 Drivers/STM32F4xx_HAL_Driver/Src/stm32f4xx_hal_tim.o
                              0x74659 (size before relaxing)
 .debug_str     0x000759fc      0x419 Drivers/STM32F4xx_HAL_Driver/Src/stm32f4xx_hal_tim_ex.o
                              0x740a8 (size before relaxing)
 .debug_str     0x00075e15       0x25 Src/gpio.o
                              0x738e4 (size before relaxing)
 .debug_str     0x00075e3a      0x2d6 Src/main.o
                              0x746d3 (size before relaxing)
 .debug_str     0x00076110       0x27 Src/stm32f4xx_hal_msp.o
                              0x73c85 (size before relaxing)
 .debug_str     0x00076137       0x47 Src/stm32f4xx_it.o
                              0x73730 (size before relaxing)
 .debug_str     0x0007617e       0xb2 Src/tim.o
                              0x741e9 (size before relaxing)

.comment        0x00000000       0x6e
 .comment       0x00000000       0x6e Drivers/CMSIS/Device/ST/STM32F4xx/Source/Templates/system_stm32f4xx.o
                                 0x6f (size before relaxing)
 .comment       0x0000006e       0x6f Drivers/STM32F4xx_HAL_Driver/Src/stm32f4xx_hal.o
 .comment       0x0000006e       0x6f Drivers/STM32F4xx_HAL_Driver/Src/stm32f4xx_hal_cortex.o
 .comment       0x0000006e       0x6f Drivers/STM32F4xx_HAL_Driver/Src/stm32f4xx_hal_gpio.o
 .comment       0x0000006e       0x6f Drivers/STM32F4xx_HAL_Driver/Src/stm32f4xx_hal_pwr_ex.o
 .comment       0x0000006e       0x6f Drivers/STM32F4xx_HAL_Driver/Src/stm32f4xx_hal_rcc.o
 .comment       0x0000006e       0x6f Drivers/STM32F4xx_HAL_Driver/Src/stm32f4xx_hal_tim.o
 .comment       0x0000006e       0x6f Drivers/STM32F4xx_HAL_Driver/Src/stm32f4xx_hal_tim_ex.o
 .comment       0x0000006e       0x6f Src/gpio.o
 .comment       0x0000006e       0x6f Src/main.o
 .comment       0x0000006e       0x6f Src/stm32f4xx_hal_msp.o
 .comment       0x0000006e       0x6f Src/stm32f4xx_it.o
 .comment       0x0000006e       0x6f Src/tim.o

.debug_frame    0x00000000     0x13d0
 .debug_frame   0x00000000       0x30 Drivers/CMSIS/Device/ST/STM32F4xx/Source/Templates/system_stm32f4xx.o
 .debug_frame   0x00000030      0x1a4 Drivers/STM32F4xx_HAL_Driver/Src/stm32f4xx_hal.o
 .debug_frame   0x000001d4      0x130 Drivers/STM32F4xx_HAL_Driver/Src/stm32f4xx_hal_cortex.o
 .debug_frame   0x00000304       0xd4 Drivers/STM32F4xx_HAL_Driver/Src/stm32f4xx_hal_gpio.o
 .debug_frame   0x000003d8      0x100 Drivers/STM32F4xx_HAL_Driver/Src/stm32f4xx_hal_pwr_ex.o
 .debug_frame   0x000004d8      0x138 Drivers/STM32F4xx_HAL_Driver/Src/stm32f4xx_hal_rcc.o
 .debug_frame   0x00000610      0x854 Drivers/STM32F4xx_HAL_Driver/Src/stm32f4xx_hal_tim.o
 .debug_frame   0x00000e64      0x334 Drivers/STM32F4xx_HAL_Driver/Src/stm32f4xx_hal_tim_ex.o
 .debug_frame   0x00001198       0x40 Src/gpio.o
 .debug_frame   0x000011d8       0x5c Src/main.o
 .debug_frame   0x00001234       0x2c Src/stm32f4xx_hal_msp.o
 .debug_frame   0x00001260       0x4c Src/stm32f4xx_it.o
 .debug_frame   0x000012ac       0xf8 Src/tim.o
 .debug_frame   0x000013a4       0x2c d:/stm32_ide/tools/compiller/bin/../lib/gcc/arm-none-eabi/5.4.1/../../../../arm-none-eabi/lib/armv7e-m/fpu\libc_nano.a(lib_a-init.o)
